2026-01-01 12:43:32,704 - INFO - ============================================================
2026-01-01 12:43:32,704 - INFO - TRAINING CORE MODEL (CHRONOS-2 + AUTOGLUON 1.5) @ 21d
2026-01-01 12:43:32,704 - INFO - Mode: full
2026-01-01 12:43:32,704 - INFO - ============================================================
2026-01-01 12:43:33,004 - INFO - Running pre-flight data check...
2026-01-01 12:43:33,004 - INFO - ======================================================================
2026-01-01 12:43:33,004 - INFO - ALL DATA POLICY ENFORCEMENT CHECK
2026-01-01 12:43:33,004 - INFO - ======================================================================
2026-01-01 12:43:33,004 - INFO - RULE: USE ALL DATASETS, ALL DATA, ALL THE TIME.
2026-01-01 12:43:33,004 - INFO - ======================================================================
2026-01-01 12:43:33,004 - INFO - 
[1/3] Checking data source availability...
2026-01-01 12:43:33,282 - INFO -   ✅ market_futures_1h: 4,967,276 rows - Hourly futures (84 symbols)
2026-01-01 12:43:33,349 - INFO -   ✅ market_futures_1d: 396,602 rows - Daily futures (83 symbols)
2026-01-01 12:43:33,426 - INFO -   ✅ fred_observations_1d: 420,847 rows - FRED economic (long format, 111+ series)
2026-01-01 12:43:33,488 - INFO -   ✅ weather_noaa_1d: 215,320 rows - NOAA weather (US/Brazil/Argentina)
2026-01-01 12:43:33,534 - INFO -   ✅ fx_spot_1d: 139,707 rows - Spot FX (30 pairs)
2026-01-01 12:43:33,575 - INFO -   ✅ cftc_cot_1w: 6,072 rows - CFTC COT positioning
2026-01-01 12:43:33,615 - INFO -   ✅ usda_export_sales_1w: 9,544 rows - USDA export sales
2026-01-01 12:43:33,657 - INFO -   ✅ usda_wasde_1m: 18,660 rows - USDA WASDE
2026-01-01 12:43:33,777 - INFO -   ✅ epa_rin_prices_1d: 3,332 rows - EPA RIN prices
2026-01-01 12:43:33,821 - INFO -   ✅ news_articles_1d: 4,717 rows - News sentiment
2026-01-01 12:43:33,822 - INFO - 
  Sources loaded: 10/10
2026-01-01 12:43:33,822 - INFO - 
[2/3] Skipping feature validation (no DataFrame provided)
2026-01-01 12:43:33,822 - INFO - [3/3] Skipping category validation (no DataFrame provided)
2026-01-01 12:43:33,822 - INFO - 
======================================================================
2026-01-01 12:43:33,822 - INFO - ✅ ALL DATA POLICY: PASSED
2026-01-01 12:43:33,822 - INFO - ======================================================================
2026-01-01 12:43:33,822 - INFO - 
======================================================================
2026-01-01 12:43:33,822 - INFO - ALL DATA SUMMARY FOR TRAINING
2026-01-01 12:43:33,822 - INFO - ======================================================================
2026-01-01 12:43:33,822 - INFO - Horizon: 21d
2026-01-01 12:43:33,822 - INFO - Policy: USE ALL DATASETS, ALL DATA, ALL THE TIME
2026-01-01 12:43:33,822 - INFO - ----------------------------------------------------------------------
2026-01-01 12:43:34,128 - INFO -   market_futures_1h: 4,967,276 rows (2010-06-07 00:00:00 to 2025-12-15 23:00:00)
2026-01-01 12:43:34,202 - INFO -   market_futures_1d: 396,602 rows (1990-01-01 to 2025-12-29)
2026-01-01 12:43:34,282 - INFO -   fred_observations_1d: 420,847 rows (1871-01-01 00:00:00 to 2025-12-31 00:00:00)
2026-01-01 12:43:34,346 - INFO -   weather_noaa_1d: 215,320 rows (2005-01-01 to 2025-12-20)
2026-01-01 12:43:34,394 - INFO -   fx_spot_1d: 139,707 rows (1981-01-02 00:00:00 to 2025-12-26 00:00:00)
2026-01-01 12:43:34,434 - INFO -   cftc_cot_1w: 6,072 rows (2010-01-05 to 2025-11-25)
2026-01-01 12:43:34,476 - INFO -   usda_export_sales_1w: 9,544 rows (2000-01-06 to 2025-12-11)
2026-01-01 12:43:34,515 - INFO -   usda_wasde_1m: 18,660 rows (2000-02-12 to 2025-12-12)
2026-01-01 12:43:34,554 - INFO -   epa_rin_prices_1d: 3,332 rows (2010-01-04 00:00:00 to 2025-12-15 00:00:00)
2026-01-01 12:43:34,596 - INFO -   news_articles_1d: 4,717 rows (2000-01-03 to 2025-12-24)
2026-01-01 12:43:34,596 - INFO - ======================================================================

2026-01-01 12:43:34,933 - INFO -   Hourly data: 4,967,276 rows, 84 symbols
2026-01-01 12:43:35,005 - INFO -   FRED data: 420,847 rows, 111 series
2026-01-01 12:43:35,005 - INFO -   ✅ Pre-flight check passed
2026-01-01 12:43:35,618 - INFO - ============================================================
2026-01-01 12:43:35,618 - INFO - LOADING TRAINING DATA FROM PRISMA
2026-01-01 12:43:35,618 - INFO - ============================================================
2026-01-01 12:43:35,618 - INFO - Horizon: 21d
2026-01-01 12:43:35,618 - INFO - Base frequency: 1d
2026-01-01 12:43:35,618 - INFO - Start date: 2000-01-01
2026-01-01 12:43:35,618 - INFO - Strategy: ALL sources, forward-fill lower frequencies to base
2026-01-01 12:43:35,618 - INFO -   - Base: 1D symbols
2026-01-01 12:43:35,618 - INFO -   - Forward-fill: 1D (FX, RIN, FRED, Weather, News)
2026-01-01 12:43:35,618 - INFO -   - Forward-fill: 1W (COT, USDA Exports)
2026-01-01 12:43:35,618 - INFO -   - Forward-fill: 1M (WASDE)
2026-01-01 12:43:35,618 - INFO - 1. Loading daily market futures >= 2000-01-01...
2026-01-01 12:43:37,592 - INFO -    Loaded 392,991 rows, 83 symbols
2026-01-01 12:43:37,592 - INFO -    Pivoting symbols to wide format...
2026-01-01 12:43:37,706 - INFO -    Wide format: 6,521 rows, 415 symbol features
2026-01-01 12:43:37,706 - INFO - 2. Loading FRED economic data (long → pivot wide)...
/Volumes/Satechi Hub/ZINC-FUSION-V15/scripts/train_core_chronos.py:290: UserWarning: pandas only supports SQLAlchemy connectable (engine/connection) or database string URI or sqlite3 DBAPI2 connection. Other DBAPI2 objects are not tested. Please consider using SQLAlchemy.
  fred_long = pd.read_sql("""
2026-01-01 12:43:40,068 - INFO -    Long format: 420,847 rows, 111 series
2026-01-01 12:43:40,213 - INFO -    Wide format: 27,115 rows, 111 FRED features
2026-01-01 12:43:40,213 - INFO -    Grid sparsity: 86.0% (mixed frequencies - forward-filled at join)
2026-01-01 12:43:40,213 - INFO - 3. Loading NOAA weather data...
2026-01-01 12:43:40,439 - INFO -    Loaded 7,659 daily aggregates, 10 weather features
2026-01-01 12:43:40,439 - INFO - 4. Loading spot FX data...
2026-01-01 12:43:41,063 - INFO -    Loaded 11,260 dates, 30 FX pairs
2026-01-01 12:43:41,063 - INFO - 5. Loading CFTC COT positioning...
2026-01-01 12:43:41,118 - INFO -    Loaded 830 dates, 20 COT features
2026-01-01 12:43:41,118 - INFO - 6. Loading USDA export sales...
2026-01-01 12:43:41,169 - INFO -    Loaded 1,354 dates, 5 USDA export features
2026-01-01 12:43:41,169 - INFO - 7. Loading USDA WASDE fundamentals...
2026-01-01 12:43:41,214 - INFO -    Loaded 311 dates, 5 WASDE features
2026-01-01 12:43:41,214 - INFO - 8. Loading EPA RIN prices...
2026-01-01 12:43:41,266 - INFO -    Loaded 833 dates, 4 RIN prices
2026-01-01 12:43:41,266 - INFO - 9. Loading news sentiment...
2026-01-01 12:43:41,326 - INFO -    Loaded 4,688 dates, 5 news sentiment features
2026-01-01 12:43:41,326 - INFO - ============================================================
2026-01-01 12:43:41,326 - INFO - JOINING ALL FEATURES TO 1D BASE
2026-01-01 12:43:41,326 - INFO - ============================================================
2026-01-01 12:43:41,326 - INFO -   Base: 6,521 1d rows
2026-01-01 12:43:41,332 - INFO -   + FRED: 111 features
2026-01-01 12:43:41,338 - INFO -   + Weather: 10 features
2026-01-01 12:43:41,346 - INFO -   + Spot FX: 30 features
2026-01-01 12:43:41,354 - INFO -   + CFTC COT: 20 features
2026-01-01 12:43:41,361 - INFO -   + USDA Exports: 5 features
2026-01-01 12:43:41,370 - INFO -   + USDA WASDE: 5 features
2026-01-01 12:43:41,381 - INFO -   + EPA RINs: 4 features
2026-01-01 12:43:41,394 - INFO -   + News: 5 features
2026-01-01 12:43:41,412 - INFO -   Forward-filling all features...
2026-01-01 12:43:41,433 - INFO - ============================================================
2026-01-01 12:43:41,433 - INFO - FINAL DATASET: 6,521 ZL rows with 606 covariate features
2026-01-01 12:43:41,434 - INFO -   Symbol covariates: 35
2026-01-01 12:43:41,434 - INFO -   FRED features: 111
2026-01-01 12:43:41,434 - INFO -   Other features: weather, FX, COT, USDA, RIN, news
2026-01-01 12:43:41,434 - INFO - ============================================================
2026-01-01 12:43:41,442 - INFO - ✓ TimeSeriesDataFrame: 1 item, 6,521 rows
2026-01-01 12:43:41,901 - INFO - Connected to Railway MLflow: https://mlflow-tracking-production-1916.up.railway.app
2026-01-01 12:43:41,903 - INFO - QuantMLCommandCenter initialized @ https://mlflow-tracking-production-1916.up.railway.app
2026-01-01 12:43:43,077 - INFO - Started run: core_h21d_full_20260101_124342 (experiment: zinc-fusion/core/h21d)
/Volumes/Satechi Hub/ZINC-FUSION-V15/.venv/lib/python3.12/site-packages/mlflow/data/dataset_source_registry.py:148: UserWarning: Failed to determine whether UCVolumeDatasetSource can resolve source information for 'prisma://raw.market_futures_1h'. Exception: 
  return _dataset_source_registry.resolve(
2026-01-01 12:43:43,105 - WARNING - Could not log MLflow dataset: Could not find a source information resolver for the specified dataset source: prisma://raw.market_futures_1h.
2026-01-01 12:43:43,682 - INFO - Logged training dataset: core_h21d_training (6,521 rows)
2026-01-01 12:43:43,682 - INFO - Training AutoGluon TimeSeriesPredictor for 21d horizon
2026-01-01 12:43:43,682 - INFO -   Mode: full
2026-01-01 12:43:43,682 - INFO -   Frequency: daily (D)
2026-01-01 12:43:43,682 - INFO -   Dataset: 6,521 rows, 1 series
2026-01-01 12:43:43,682 - INFO -   Time limit: 240 minutes
2026-01-01 12:43:43,682 - INFO -   Preset: best_quality
2026-01-01 12:43:43,682 - INFO -   Models: Full AutoML ensemble (DeepAR, PatchTST, Chronos-2, etc.)
Warning: path already exists! This predictor may overwrite an existing predictor! path="/Volumes/Satechi Hub/ZINC-FUSION-V15/models/core_chronos2/horizon_21d"
Beginning AutoGluon training... Time limit = 14400s
AutoGluon will save models to '/Volumes/Satechi Hub/ZINC-FUSION-V15/models/core_chronos2/horizon_21d'
=================== System Info ===================
AutoGluon Version:  1.5.0
Python Version:     3.12.8
Operating System:   Darwin
Platform Machine:   arm64
Platform Version:   Darwin Kernel Version 25.1.0: Mon Oct 20 19:34:05 PDT 2025; root:xnu-12377.41.6~2/RELEASE_ARM64_T6041
CPU Count:          12
Pytorch Version:    2.9.1
CUDA Version:       CUDA is not available
GPU Count:          WARNING: Exception was raised when calculating GPU count (AssertionError)
Memory Avail:       8.73 GB / 24.00 GB (36.4%)
Disk Space Avail:   825.54 GB / 931.32 GB (88.6%)
===================================================
Setting presets to: best_quality

Fitting with arguments:
{'enable_ensemble': True,
 'eval_metric': MASE,
 'freq': 'D',
 'hyperparameters': 'default',
 'known_covariates_names': [],
 'num_val_windows': 'auto',
 'prediction_length': 21,
 'quantile_levels': [0.1, 0.5, 0.9],
 'random_seed': 123,
 'refit_every_n_windows': 'auto',
 'refit_full': False,
 'skip_model_selection': False,
 'target': 'target',
 'time_limit': 14400,
 'verbosity': 2}

train_data with frequency 'IRREG' has been resampled to frequency 'D'.
Provided train_data has 9421 rows (NaN fraction=30.8%), 1 time series. Median time series length is 9421 (min=9421, max=9421). 
Automatically setting num_val_windows=(5,) based on dataset properties
Automatically setting refit_every_n_windows=2 based on num_val_windows

Provided data contains following columns:
	target: 'target'
	past_covariates:
		categorical:        []
		continuous (float): ['10Y_open', '2YY_open', '30Y_open', '5YY_open', '6A_open', '6B_open', ...]

AutoGluon will ignore following non-numeric/non-informative columns:
	ignored covariates:      ['as_of_date', 'news_bearish_count', 'news_bullish_count']

To learn how to fix incorrectly inferred types, please see documentation for TimeSeriesPredictor.fit

AutoGluon will gauge predictive performance using evaluation metric: 'MASE'
	This metric's sign has been flipped to adhere to being higher_is_better. The metric score can be multiplied by -1 to get the metric value.
===================================================

Starting training. Start time is 2026-01-01 12:43:48
Models that will be trained: ['SeasonalNaive', 'RecursiveTabular', 'DirectTabular', 'DynamicOptimizedTheta', 'Chronos2', 'Chronos2SmallFineTuned', 'AutoETS', 'ChronosWithRegressor[bolt_small]', 'TemporalFusionTransformer', 'DeepAR']
Training timeseries model SeasonalNaive. Training for up to 1379.7s of the 14396.8s of remaining time.
	-1.2242       = Validation score (-MASE)
	3.70    s     = Training runtime
	0.82    s     = Validation (prediction) runtime
Training timeseries model RecursiveTabular. Training for up to 1532.5s of the 14392.3s of remaining time.
	-1.1199       = Validation score (-MASE)
	12.13   s     = Training runtime
	0.09    s     = Validation (prediction) runtime
Training timeseries model DirectTabular. Training for up to 1722.5s of the 14380.0s of remaining time.
	-0.9252       = Validation score (-MASE)
	10.91   s     = Training runtime
	0.14    s     = Validation (prediction) runtime
Training timeseries model DynamicOptimizedTheta. Training for up to 1967.0s of the 14369.0s of remaining time.
	-1.0802       = Validation score (-MASE)
	5.32    s     = Training runtime
	1.30    s     = Validation (prediction) runtime
Training timeseries model Chronos2. Training for up to 2293.7s of the 14362.3s of remaining time.
