2025-12-31 17:38:20,473 - INFO - ============================================================
2025-12-31 17:38:20,473 - INFO - TRAINING CORE MODEL (CHRONOS-2 + AUTOGLUON 1.5) @ 5d
2025-12-31 17:38:20,473 - INFO - Mode: full
2025-12-31 17:38:20,473 - INFO - ============================================================
2025-12-31 17:38:23,697 - INFO - Running pre-flight data check...
2025-12-31 17:38:24,071 - INFO -   Hourly data: 4,967,276 rows, 84 symbols
2025-12-31 17:38:24,109 - INFO -   FRED data: 27,115 rows
2025-12-31 17:38:24,109 - INFO -   ✅ Pre-flight check passed
2025-12-31 17:38:25,423 - INFO - ============================================================
2025-12-31 17:38:25,423 - INFO - LOADING ALL DATA FROM PRISMA
2025-12-31 17:38:25,423 - INFO - ============================================================
2025-12-31 17:38:25,423 - INFO - 1. Loading hourly market futures...
2025-12-31 17:38:58,022 - INFO -    Loaded 4,967,276 rows, 84 symbols
2025-12-31 17:38:58,023 - INFO - 2. Loading FRED economic data...
2025-12-31 17:38:58,352 - INFO -    Loaded 27,115 rows, 111 FRED features
2025-12-31 17:38:58,352 - INFO - 3. Loading NOAA weather data...
2025-12-31 17:38:58,673 - INFO -    Loaded 7,659 daily aggregates, 10 weather features
2025-12-31 17:38:58,673 - INFO - 4. Loading spot FX data...
2025-12-31 17:38:59,314 - INFO -    Loaded 11,260 dates, 30 FX pairs
2025-12-31 17:38:59,314 - INFO - 5. Loading CFTC COT positioning...
2025-12-31 17:38:59,445 - INFO -    Loaded 830 dates, 20 COT features
2025-12-31 17:38:59,445 - INFO - 6. Loading USDA export sales...
2025-12-31 17:38:59,490 - INFO -    Loaded 311 dates, 5 USDA export features
2025-12-31 17:38:59,490 - INFO - 7. Loading USDA WASDE fundamentals...
2025-12-31 17:38:59,537 - INFO -    Loaded 72 dates, 5 WASDE features
2025-12-31 17:38:59,537 - INFO - 8. Loading EPA RIN prices...
2025-12-31 17:38:59,579 - INFO -    Loaded 52 dates, 4 RIN prices
2025-12-31 17:38:59,579 - INFO - 9. Loading news sentiment...
2025-12-31 17:38:59,620 - INFO -    Loaded 260 dates, 5 news sentiment features
2025-12-31 17:38:59,620 - INFO - ============================================================
2025-12-31 17:38:59,620 - INFO - JOINING ALL FEATURES TO HOURLY BASE
2025-12-31 17:38:59,620 - INFO - ============================================================
2025-12-31 17:38:59,620 - INFO -   Base: 4,967,276 hourly rows
2025-12-31 17:39:02,338 - INFO -   + FRED: 111 features
2025-12-31 17:39:08,712 - INFO -   + Weather: 10 features
2025-12-31 17:39:16,186 - INFO -   + Spot FX: 30 features
2025-12-31 17:39:26,614 - INFO -   + CFTC COT: 20 features
2025-12-31 17:39:36,928 - INFO -   + USDA Exports: 5 features
2025-12-31 17:39:47,564 - INFO -   + USDA WASDE: 5 features
2025-12-31 17:39:57,125 - INFO -   + EPA RINs: 4 features
2025-12-31 17:40:06,995 - INFO -   + News: 5 features
2025-12-31 17:40:20,126 - INFO -   Forward-filling all features per symbol...
2025-12-31 17:41:08,363 - INFO - ============================================================
2025-12-31 17:41:08,453 - INFO - JOINED DATASET: 4,967,276 rows, 84 symbols, 196 features
2025-12-31 17:41:08,453 - INFO - ============================================================
2025-12-31 17:41:08,453 - INFO - Filtering to ZL only (single item_id for Chronos-2)...
2025-12-31 17:41:08,759 - INFO - FINAL DATASET: 73,915 ZL rows, 196 features
2025-12-31 17:41:08,804 - INFO - ✓ TimeSeriesDataFrame: 1 item, 73,915 rows
2025-12-31 17:41:10,696 - INFO - Connected to Railway MLflow: https://mlflow-tracking-production-1916.up.railway.app
2025-12-31 17:41:10,723 - INFO - QuantMLCommandCenter initialized @ https://mlflow-tracking-production-1916.up.railway.app
2025-12-31 17:41:12,299 - INFO - Started run: core_h5d_full_20251231_174111 (experiment: zinc-fusion/core/h5d)
/Volumes/Satechi Hub/ZINC-FUSION-V15/.venv/lib/python3.12/site-packages/mlflow/data/dataset_source_registry.py:148: UserWarning: Failed to determine whether UCVolumeDatasetSource can resolve source information for 'prisma://raw.market_futures_1h'. Exception: 
  return _dataset_source_registry.resolve(
2025-12-31 17:41:12,382 - WARNING - Could not log MLflow dataset: Could not find a source information resolver for the specified dataset source: prisma://raw.market_futures_1h.
2025-12-31 17:41:12,954 - INFO - Logged training dataset: core_h5d_training (73,915 rows)
2025-12-31 17:41:12,955 - INFO - Training AutoGluon TimeSeriesPredictor for 5d horizon
2025-12-31 17:41:12,955 - INFO -   Mode: full
2025-12-31 17:41:12,955 - INFO -   Dataset: 73,915 rows, 1 series
2025-12-31 17:41:12,955 - INFO -   Time limit: 240 minutes
2025-12-31 17:41:12,955 - INFO -   Preset: best_quality
2025-12-31 17:41:12,955 - INFO -   Models: Full AutoML ensemble (DeepAR, PatchTST, Chronos-2, etc.)
Warning: path already exists! This predictor may overwrite an existing predictor! path="/Volumes/Satechi Hub/ZINC-FUSION-V15/models/core_chronos2/horizon_5d"
/Volumes/Satechi Hub/ZINC-FUSION-V15/.venv/lib/python3.12/site-packages/autogluon/timeseries/predictor.py:197: FutureWarning: 'H' is deprecated and will be removed in a future version, please use 'h' instead.
  offset = pd.tseries.frequencies.to_offset(self.freq)
Frequency 'H' stored as 'h'
Beginning AutoGluon training... Time limit = 14400s
AutoGluon will save models to '/Volumes/Satechi Hub/ZINC-FUSION-V15/models/core_chronos2/horizon_5d'
=================== System Info ===================
AutoGluon Version:  1.5.0
Python Version:     3.12.8
Operating System:   Darwin
Platform Machine:   arm64
Platform Version:   Darwin Kernel Version 25.1.0: Mon Oct 20 19:34:05 PDT 2025; root:xnu-12377.41.6~2/RELEASE_ARM64_T6041
CPU Count:          12
Pytorch Version:    2.9.1
CUDA Version:       CUDA is not available
GPU Count:          WARNING: Exception was raised when calculating GPU count (AssertionError)
Memory Avail:       9.58 GB / 24.00 GB (39.9%)
Disk Space Avail:   816.53 GB / 931.32 GB (87.7%)
===================================================
Setting presets to: best_quality

Fitting with arguments:
{'enable_ensemble': True,
 'eval_metric': MASE,
 'freq': 'h',
 'hyperparameters': 'default',
 'known_covariates_names': [],
 'num_val_windows': 'auto',
 'prediction_length': 5,
 'quantile_levels': [0.1, 0.5, 0.9],
 'random_seed': 123,
 'refit_every_n_windows': 'auto',
 'refit_full': False,
 'skip_model_selection': False,
 'target': 'target',
 'time_limit': 14400,
 'verbosity': 2}

train_data with frequency 'IRREG' has been resampled to frequency 'h'.
Provided train_data has 136100 rows (NaN fraction=45.7%), 1 time series. Median time series length is 136100 (min=136100, max=136100). 
Automatically setting num_val_windows=(5,) based on dataset properties
Automatically setting refit_every_n_windows=2 based on num_val_windows

Provided data contains following columns:
	target: 'target'
	past_covariates:
		categorical:        ['symbol']
		continuous (float): ['open', 'high', 'low', 'volume', 'APU000074714', 'BAMLH0A0HYM2', ...]

AutoGluon will ignore following non-numeric/non-informative columns:
	ignored covariates:      ['SP500_HISTORICAL', 'as_of_date', 'fx_DEXHKUS', 'fx_DEXJPUS', 'fx_DEXKOUS', 'fx_DEXNOUS', 'fx_DEXSFUS', 'fx_DEXSIUS', 'fx_DEXSZUS', 'fx_DEXTAUS', 'fx_DEXTHUS', 'fx_DEXUSAL', 'fx_DEXUSUK', 'news_bearish_count', 'open_interest']

To learn how to fix incorrectly inferred types, please see documentation for TimeSeriesPredictor.fit

AutoGluon will gauge predictive performance using evaluation metric: 'MASE'
	This metric's sign has been flipped to adhere to being higher_is_better. The metric score can be multiplied by -1 to get the metric value.
===================================================

Starting training. Start time is 2025-12-31 17:41:27
Models that will be trained: ['SeasonalNaive', 'RecursiveTabular', 'DirectTabular', 'DynamicOptimizedTheta', 'Chronos2', 'Chronos2SmallFineTuned', 'AutoETS', 'ChronosWithRegressor[bolt_small]', 'TemporalFusionTransformer', 'DeepAR']
Training timeseries model SeasonalNaive. Training for up to 1379.5s of the 14395.3s of remaining time.
	nan           = Validation score (-MASE)
	5.76    s     = Training runtime
	0.91    s     = Validation (prediction) runtime
Training timeseries model RecursiveTabular. Training for up to 1532.1s of the 14388.6s of remaining time.
	nan           = Validation score (-MASE)
	8.29    s     = Training runtime
	0.20    s     = Validation (prediction) runtime
Training timeseries model DirectTabular. Training for up to 1722.5s of the 14380.1s of remaining time.
	nan           = Validation score (-MASE)
	8.18    s     = Training runtime
	0.49    s     = Validation (prediction) runtime
Training timeseries model DynamicOptimizedTheta. Training for up to 1967.3s of the 14371.4s of remaining time.
	nan           = Validation score (-MASE)
	7.21    s     = Training runtime
	2.13    s     = Validation (prediction) runtime
Training timeseries model Chronos2. Training for up to 2293.7s of the 14362.0s of remaining time.
	nan           = Validation score (-MASE)
	92.61   s     = Training runtime
	23.12   s     = Validation (prediction) runtime
Training timeseries model Chronos2SmallFineTuned. Training for up to 2729.3s of the 14246.3s of remaining time.
2025-12-31 17:43:58,160 - INFO - Using LoRA. Number of trainable parameters: 411264, total parameters: 28345888.
2025-12-31 17:57:41,880 - INFO - Finetuned model saved to /Volumes/Satechi Hub/ZINC-FUSION-V15/models/core_chronos2/horizon_5d/models/Chronos2SmallFineTuned/W0/fine-tuned-ckpt
2025-12-31 17:58:51,331 - INFO - Using LoRA. Number of trainable parameters: 411264, total parameters: 28345888.
2025-12-31 18:12:41,510 - INFO - Finetuned model saved to /Volumes/Satechi Hub/ZINC-FUSION-V15/models/core_chronos2/horizon_5d/models/Chronos2SmallFineTuned/W2/fine-tuned-ckpt
2025-12-31 18:13:43,239 - INFO - Using LoRA. Number of trainable parameters: 411264, total parameters: 28345888.
2025-12-31 18:27:54,789 - INFO - Finetuned model saved to /Volumes/Satechi Hub/ZINC-FUSION-V15/models/core_chronos2/horizon_5d/models/Chronos2SmallFineTuned/W4/fine-tuned-ckpt
	nan           = Validation score (-MASE)
	2638.20 s     = Training runtime
	35.90   s     = Validation (prediction) runtime
Training timeseries model AutoETS. Training for up to 2743.0s of the 11572.2s of remaining time.
	nan           = Validation score (-MASE)
	11.67   s     = Training runtime
	0.72    s     = Validation (prediction) runtime
Training timeseries model ChronosWithRegressor[bolt_small]. Training for up to 3653.2s of the 11559.7s of remaining time.
	Skipping covariate_regressor since the dataset contains no known_covariates or static_features.
	Skipping covariate_regressor since the dataset contains no known_covariates or static_features.
	Skipping covariate_regressor since the dataset contains no known_covariates or static_features.
	nan           = Validation score (-MASE)
	2.95    s     = Training runtime
	0.46    s     = Validation (prediction) runtime
Training timeseries model TemporalFusionTransformer. Training for up to 5478.1s of the 11556.3s of remaining time.
	Warning: Exception caused TemporalFusionTransformer to fail during training... Skipping this model.
Traceback (most recent call last):
  File "/Volumes/Satechi Hub/ZINC-FUSION-V15/.venv/lib/python3.12/site-packages/autogluon/timeseries/trainer/trainer.py", line 353, in _train_and_save
    model.fit(
  File "/Volumes/Satechi Hub/ZINC-FUSION-V15/.venv/lib/python3.12/site-packages/autogluon/timeseries/models/abstract/abstract_timeseries_model.py", line 529, in fit
    self._fit(
  File "/Volumes/Satechi Hub/ZINC-FUSION-V15/.venv/lib/python3.12/site-packages/autogluon/timeseries/models/multi_window/multi_window_model.py", line 157, in _fit
    model.score_and_cache_oof(
  File "/Volumes/Satechi Hub/ZINC-FUSION-V15/.venv/lib/python3.12/site-packages/autogluon/timeseries/models/abstract/abstract_timeseries_model.py", line 740, in score_and_cache_oof
    self.val_score = self._score_with_predictions(val_data, oof_predictions)
                     ^^^^^^^^^^^^^^^^^^^^^^^^^^^^^^^^^^^^^^^^^^^^^^^^^^^^^^^
  File "/Volumes/Satechi Hub/ZINC-FUSION-V15/.venv/lib/python3.12/site-packages/autogluon/timeseries/models/abstract/abstract_timeseries_model.py", line 694, in _score_with_predictions
    return self.eval_metric.score(
           ^^^^^^^^^^^^^^^^^^^^^^^
  File "/Volumes/Satechi Hub/ZINC-FUSION-V15/.venv/lib/python3.12/site-packages/autogluon/timeseries/metrics/abstract.py", line 112, in __call__
    assert not predictions.isna().any().any(), "Predictions contain NaN values."
           ^^^^^^^^^^^^^^^^^^^^^^^^^^^^^^^^^^
AssertionError: Predictions contain NaN values.

Training timeseries model DeepAR. Training for up to 10843.4s of the 11443.4s of remaining time.
